[2024-10-21 18:30:35.317] [info] Updating Model file from 40000 to latest format...
[2024-10-21 18:30:35.325] [info] Loaded model Human_prosthesis_body from file Human-prosthesis body.osim
[2024-10-21 18:30:35.325] [warning] Couldn't find file 'treadmill.vtp'.
[2024-10-21 18:30:35.325] [warning] Couldn't find file 'femur_r.vtp'.
[2024-10-21 18:30:35.325] [warning] Couldn't find file 'femur_l.vtp'.
[2024-10-21 18:30:35.718] [warning] Visualizer couldn't open femur_r.vtp because: SimTK Exception thrown at PolygonalMesh.cpp:411:
  Error detected by Simbody method PolygonalMesh::loadVtpFile(): Attempt to load a VTK PolyData (.vtp) file from file name 'e:\OneDrive\Jin Wei\PKU\Human-prosthesis interaction\model\NOT YET TO USE\Geometry\Geometry\femur_r.vtp' failed with message:
  SimTK Exception thrown at Xml.cpp:108:
  Error detected by Simbody method Xml::readFromFile(): Failed to load the Xml file 'e:\OneDrive\Jin Wei\PKU\Human-prosthesis interaction\model\NOT YET TO USE\Geometry\Geometry\femur_r.vtp' with error 'Failed to open file (line=0, col=0)'.
  (Required condition 'loadOK' was not met.)

  (Required condition '!"failed"' was not met.)

[2024-10-21 18:30:35.761] [warning] Visualizer couldn't open femur_l.vtp because: SimTK Exception thrown at PolygonalMesh.cpp:411:
  Error detected by Simbody method PolygonalMesh::loadVtpFile(): Attempt to load a VTK PolyData (.vtp) file from file name 'e:\OneDrive\Jin Wei\PKU\Human-prosthesis interaction\model\NOT YET TO USE\Geometry\Geometry\femur_l.vtp' failed with message:
  SimTK Exception thrown at Xml.cpp:108:
  Error detected by Simbody method Xml::readFromFile(): Failed to load the Xml file 'e:\OneDrive\Jin Wei\PKU\Human-prosthesis interaction\model\NOT YET TO USE\Geometry\Geometry\femur_l.vtp' with error 'Failed to open file (line=0, col=0)'.
  (Required condition 'loadOK' was not met.)

  (Required condition '!"failed"' was not met.)

[2024-10-21 18:30:35.950] [cout] [info] A visualizer window has opened.
[2024-10-21 18:33:35.213] [info] Updating Model file from 40000 to latest format...
[2024-10-21 18:33:35.221] [info] Loaded model Human_prosthesis_body from file Human-prosthesis_body.osim
[2024-10-21 18:33:35.222] [warning] Couldn't find file 'treadmill.vtp'.
[2024-10-21 18:33:35.222] [warning] Couldn't find file 'femur_r.vtp'.
[2024-10-21 18:33:35.222] [warning] Couldn't find file 'femur_l.vtp'.
[2024-10-21 18:33:35.567] [warning] Visualizer couldn't open femur_r.vtp because: SimTK Exception thrown at PolygonalMesh.cpp:411:
  Error detected by Simbody method PolygonalMesh::loadVtpFile(): Attempt to load a VTK PolyData (.vtp) file from file name 'e:\OneDrive\Jin Wei\PKU\Human-prosthesis interaction\model\NOT YET TO USE\Geometry\femur_r.vtp' failed with message:
  SimTK Exception thrown at Xml.cpp:108:
  Error detected by Simbody method Xml::readFromFile(): Failed to load the Xml file 'e:\OneDrive\Jin Wei\PKU\Human-prosthesis interaction\model\NOT YET TO USE\Geometry\femur_r.vtp' with error 'Failed to open file (line=0, col=0)'.
  (Required condition 'loadOK' was not met.)

  (Required condition '!"failed"' was not met.)

[2024-10-21 18:33:35.611] [warning] Visualizer couldn't open femur_l.vtp because: SimTK Exception thrown at PolygonalMesh.cpp:411:
  Error detected by Simbody method PolygonalMesh::loadVtpFile(): Attempt to load a VTK PolyData (.vtp) file from file name 'e:\OneDrive\Jin Wei\PKU\Human-prosthesis interaction\model\NOT YET TO USE\Geometry\femur_l.vtp' failed with message:
  SimTK Exception thrown at Xml.cpp:108:
  Error detected by Simbody method Xml::readFromFile(): Failed to load the Xml file 'e:\OneDrive\Jin Wei\PKU\Human-prosthesis interaction\model\NOT YET TO USE\Geometry\femur_l.vtp' with error 'Failed to open file (line=0, col=0)'.
  (Required condition 'loadOK' was not met.)

  (Required condition '!"failed"' was not met.)

[2024-10-21 18:33:35.793] [cout] [info] A visualizer window has opened.
[2024-10-21 18:33:59.456] [info] Updating Model file from 40000 to latest format...
[2024-10-21 18:33:59.460] [info] Loaded model Human_prosthesis_body from file Human-prosthesis body.osim
[2024-10-21 18:33:59.460] [warning] Couldn't find file 'treadmill.vtp'.
[2024-10-21 18:33:59.461] [warning] Couldn't find file 'femur_r.vtp'.
[2024-10-21 18:33:59.461] [warning] Couldn't find file 'femur_l.vtp'.
[2024-10-21 18:35:19.674] [info] Updating Model file from 40000 to latest format...
[2024-10-21 18:35:19.679] [info] Loaded model Human_prosthesis_body from file Human-prosthesis body.osim
[2024-10-21 18:35:19.679] [warning] Couldn't find file 'treadmill.vtp'.
[2024-10-21 18:35:19.679] [warning] Couldn't find file 'femur_r.vtp'.
[2024-10-21 18:35:19.679] [warning] Couldn't find file 'femur_l.vtp'.
[2024-10-21 18:35:19.995] [warning] Visualizer couldn't open femur_r.vtp because: SimTK Exception thrown at PolygonalMesh.cpp:411:
  Error detected by Simbody method PolygonalMesh::loadVtpFile(): Attempt to load a VTK PolyData (.vtp) file from file name 'e:\OneDrive\Jin Wei\PKU\Human-prosthesis interaction\model\NOT YET TO USE\Geometry\femur_r.vtp' failed with message:
  SimTK Exception thrown at Xml.cpp:108:
  Error detected by Simbody method Xml::readFromFile(): Failed to load the Xml file 'e:\OneDrive\Jin Wei\PKU\Human-prosthesis interaction\model\NOT YET TO USE\Geometry\femur_r.vtp' with error 'Failed to open file (line=0, col=0)'.
  (Required condition 'loadOK' was not met.)

  (Required condition '!"failed"' was not met.)

[2024-10-21 18:35:20.031] [warning] Visualizer couldn't open femur_l.vtp because: SimTK Exception thrown at PolygonalMesh.cpp:411:
  Error detected by Simbody method PolygonalMesh::loadVtpFile(): Attempt to load a VTK PolyData (.vtp) file from file name 'e:\OneDrive\Jin Wei\PKU\Human-prosthesis interaction\model\NOT YET TO USE\Geometry\femur_l.vtp' failed with message:
  SimTK Exception thrown at Xml.cpp:108:
  Error detected by Simbody method Xml::readFromFile(): Failed to load the Xml file 'e:\OneDrive\Jin Wei\PKU\Human-prosthesis interaction\model\NOT YET TO USE\Geometry\femur_l.vtp' with error 'Failed to open file (line=0, col=0)'.
  (Required condition 'loadOK' was not met.)

  (Required condition '!"failed"' was not met.)

[2024-10-21 18:36:50.131] [info] Updating Model file from 40000 to latest format...
[2024-10-21 18:36:50.135] [info] Loaded model Human_prosthesis_body from file Human-prosthesis body.osim
[2024-10-21 18:36:50.136] [warning] Couldn't find file 'treadmill.vtp'.
[2024-10-21 18:36:50.136] [warning] Couldn't find file 'femur_r.vtp'.
[2024-10-21 18:36:50.136] [warning] Couldn't find file 'femur_l.vtp'.
[2024-10-21 18:36:50.399] [warning] Visualizer couldn't open femur_r.vtp because: SimTK Exception thrown at PolygonalMesh.cpp:411:
  Error detected by Simbody method PolygonalMesh::loadVtpFile(): Attempt to load a VTK PolyData (.vtp) file from file name 'e:\OneDrive\Jin Wei\PKU\Human-prosthesis interaction\model\NOT YET TO USE\Geometry\femur_r.vtp' failed with message:
  SimTK Exception thrown at Xml.cpp:108:
  Error detected by Simbody method Xml::readFromFile(): Failed to load the Xml file 'e:\OneDrive\Jin Wei\PKU\Human-prosthesis interaction\model\NOT YET TO USE\Geometry\femur_r.vtp' with error 'Failed to open file (line=0, col=0)'.
  (Required condition 'loadOK' was not met.)

  (Required condition '!"failed"' was not met.)

[2024-10-21 18:36:50.432] [warning] Visualizer couldn't open femur_l.vtp because: SimTK Exception thrown at PolygonalMesh.cpp:411:
  Error detected by Simbody method PolygonalMesh::loadVtpFile(): Attempt to load a VTK PolyData (.vtp) file from file name 'e:\OneDrive\Jin Wei\PKU\Human-prosthesis interaction\model\NOT YET TO USE\Geometry\femur_l.vtp' failed with message:
  SimTK Exception thrown at Xml.cpp:108:
  Error detected by Simbody method Xml::readFromFile(): Failed to load the Xml file 'e:\OneDrive\Jin Wei\PKU\Human-prosthesis interaction\model\NOT YET TO USE\Geometry\femur_l.vtp' with error 'Failed to open file (line=0, col=0)'.
  (Required condition 'loadOK' was not met.)

  (Required condition '!"failed"' was not met.)

[2024-10-21 18:36:51.620] [cout] [info] A visualizer window has opened.
